Archive member included to satisfy reference by file (symbol)

c:/program files (x86)/atollic/truestudio for stm32 9.3.0/armtools/bin/../lib/gcc/arm-atollic-eabi/6.3.1/../../../../arm-atollic-eabi/lib/armv7e-m/fpu\libc_nano.a(lib_a-init.o)
                              startup\startup_stm32f407xx.o (__libc_init_array)

Allocating common symbols
Common symbol       size              file

hdma_sdio_rx        0x60              Src\main.o
retSD               0x1               Src\fatfs.o
myFile              0x102c            Src\main.o
myBytes             0x4               Src\main.o
uwTick              0x4               Drivers\STM32F4xx_HAL_Driver\Src\stm32f4xx_hal.o
try                 0x4               Src\main.o
pFlash              0x20              Drivers\STM32F4xx_HAL_Driver\Src\stm32f4xx_hal_flash.o
adcResult           0xcf1c            Src\main.o
hadc1               0x48              Src\main.o
myFatFS             0x1030            Src\main.o
SD_Path             0x4               Src\fatfs.o
hdma_sdio_tx        0x60              Src\main.o
hsd                 0x84              Src\main.o
result              0x1               Src\main.o
buf                 0x4               Src\main.o
status              0x1               Src\main.o

Discarded input sections

 .text          0x00000000        0x0 c:/program files (x86)/atollic/truestudio for stm32 9.3.0/armtools/bin/../lib/gcc/arm-atollic-eabi/6.3.1/armv7e-m/fpu/crti.o
 .data          0x00000000        0x0 c:/program files (x86)/atollic/truestudio for stm32 9.3.0/armtools/bin/../lib/gcc/arm-atollic-eabi/6.3.1/armv7e-m/fpu/crti.o
 .bss           0x00000000        0x0 c:/program files (x86)/atollic/truestudio for stm32 9.3.0/armtools/bin/../lib/gcc/arm-atollic-eabi/6.3.1/armv7e-m/fpu/crti.o
 .data          0x00000000        0x4 c:/program files (x86)/atollic/truestudio for stm32 9.3.0/armtools/bin/../lib/gcc/arm-atollic-eabi/6.3.1/armv7e-m/fpu/crtbegin.o
 .text          0x00000000        0x0 Drivers\STM32F4xx_HAL_Driver\Src\stm32f4xx_hal.o
 .data          0x00000000        0x0 Drivers\STM32F4xx_HAL_Driver\Src\stm32f4xx_hal.o
 .bss           0x00000000        0x0 Drivers\STM32F4xx_HAL_Driver\Src\stm32f4xx_hal.o
 .text.HAL_MspInit
                0x00000000        0x2 Drivers\STM32F4xx_HAL_Driver\Src\stm32f4xx_hal.o
 .text.HAL_MspDeInit
                0x00000000        0x2 Drivers\STM32F4xx_HAL_Driver\Src\stm32f4xx_hal.o
 .text.HAL_DeInit
                0x00000000       0x2c Drivers\STM32F4xx_HAL_Driver\Src\stm32f4xx_hal.o
 .text.HAL_SuspendTick
                0x00000000       0x10 Drivers\STM32F4xx_HAL_Driver\Src\stm32f4xx_hal.o
 .text.HAL_ResumeTick
                0x00000000       0x10 Drivers\STM32F4xx_HAL_Driver\Src\stm32f4xx_hal.o
 .text.HAL_GetHalVersion
                0x00000000        0x8 Drivers\STM32F4xx_HAL_Driver\Src\stm32f4xx_hal.o
 .text.HAL_GetREVID
                0x00000000        0xc Drivers\STM32F4xx_HAL_Driver\Src\stm32f4xx_hal.o
 .text.HAL_GetDEVID
                0x00000000       0x10 Drivers\STM32F4xx_HAL_Driver\Src\stm32f4xx_hal.o
 .text.HAL_DBGMCU_EnableDBGSleepMode
                0x00000000       0x10 Drivers\STM32F4xx_HAL_Driver\Src\stm32f4xx_hal.o
 .text.HAL_DBGMCU_DisableDBGSleepMode
                0x00000000       0x10 Drivers\STM32F4xx_HAL_Driver\Src\stm32f4xx_hal.o
 .text.HAL_DBGMCU_EnableDBGStopMode
                0x00000000       0x10 Drivers\STM32F4xx_HAL_Driver\Src\stm32f4xx_hal.o
 .text.HAL_DBGMCU_DisableDBGStopMode
                0x00000000       0x10 Drivers\STM32F4xx_HAL_Driver\Src\stm32f4xx_hal.o
 .text.HAL_DBGMCU_EnableDBGStandbyMode
                0x00000000       0x10 Drivers\STM32F4xx_HAL_Driver\Src\stm32f4xx_hal.o
 .text.HAL_DBGMCU_DisableDBGStandbyMode
                0x00000000       0x10 Drivers\STM32F4xx_HAL_Driver\Src\stm32f4xx_hal.o
 .text.HAL_EnableCompensationCell
                0x00000000       0x18 Drivers\STM32F4xx_HAL_Driver\Src\stm32f4xx_hal.o
 .text.HAL_DisableCompensationCell
                0x00000000       0x1c Drivers\STM32F4xx_HAL_Driver\Src\stm32f4xx_hal.o
 .text.HAL_GetUID
                0x00000000       0x20 Drivers\STM32F4xx_HAL_Driver\Src\stm32f4xx_hal.o
 .text          0x00000000        0x0 Drivers\STM32F4xx_HAL_Driver\Src\stm32f4xx_hal_adc.o
 .data          0x00000000        0x0 Drivers\STM32F4xx_HAL_Driver\Src\stm32f4xx_hal_adc.o
 .bss           0x00000000        0x0 Drivers\STM32F4xx_HAL_Driver\Src\stm32f4xx_hal_adc.o
 .text.HAL_ADC_MspInit
                0x00000000        0x2 Drivers\STM32F4xx_HAL_Driver\Src\stm32f4xx_hal_adc.o
 .text.HAL_ADC_MspDeInit
                0x00000000        0x2 Drivers\STM32F4xx_HAL_Driver\Src\stm32f4xx_hal_adc.o
 .text.HAL_ADC_DeInit
                0x00000000       0x34 Drivers\STM32F4xx_HAL_Driver\Src\stm32f4xx_hal_adc.o
 .text.HAL_ADC_Start
                0x00000000       0xc0 Drivers\STM32F4xx_HAL_Driver\Src\stm32f4xx_hal_adc.o
 .text.HAL_ADC_Stop
[...]
Memory Configuration

Name             Origin             Length             Attributes
RAM              0x20000000         0x00020000         xrw
CCMRAM           0x10000000         0x00010000         rw
FLASH            0x08000000         0x00100000         xr
*default*        0x00000000         0xffffffff

Linker script and memory map

LOAD c:/program files (x86)/atollic/truestudio for stm32 9.3.0/armtools/bin/../lib/gcc/arm-atollic-eabi/6.3.1/armv7e-m/fpu/crti.o
LOAD c:/program files (x86)/atollic/truestudio for stm32 9.3.0/armtools/bin/../lib/gcc/arm-atollic-eabi/6.3.1/armv7e-m/fpu/crtbegin.o
LOAD Drivers\STM32F4xx_HAL_Driver\Src\stm32f4xx_hal.o
LOAD Drivers\STM32F4xx_HAL_Driver\Src\stm32f4xx_hal_adc.o
LOAD Drivers\STM32F4xx_HAL_Driver\Src\stm32f4xx_hal_adc_ex.o
LOAD Drivers\STM32F4xx_HAL_Driver\Src\stm32f4xx_hal_cortex.o
LOAD Drivers\STM32F4xx_HAL_Driver\Src\stm32f4xx_hal_dma.o
LOAD Drivers\STM32F4xx_HAL_Driver\Src\stm32f4xx_hal_dma_ex.o
LOAD Drivers\STM32F4xx_HAL_Driver\Src\stm32f4xx_hal_flash.o
LOAD Drivers\STM32F4xx_HAL_Driver\Src\stm32f4xx_hal_flash_ex.o
LOAD Drivers\STM32F4xx_HAL_Driver\Src\stm32f4xx_hal_flash_ramfunc.o
LOAD Drivers\STM32F4xx_HAL_Driver\Src\stm32f4xx_hal_gpio.o
LOAD Drivers\STM32F4xx_HAL_Driver\Src\stm32f4xx_hal_pwr.o
LOAD Drivers\STM32F4xx_HAL_Driver\Src\stm32f4xx_hal_pwr_ex.o
LOAD Drivers\STM32F4xx_HAL_Driver\Src\stm32f4xx_hal_rcc.o
LOAD Drivers\STM32F4xx_HAL_Driver\Src\stm32f4xx_hal_rcc_ex.o
LOAD Drivers\STM32F4xx_HAL_Driver\Src\stm32f4xx_hal_sd.o
LOAD Drivers\STM32F4xx_HAL_Driver\Src\stm32f4xx_hal_tim.o
LOAD Drivers\STM32F4xx_HAL_Driver\Src\stm32f4xx_hal_tim_ex.o
LOAD Drivers\STM32F4xx_HAL_Driver\Src\stm32f4xx_ll_sdmmc.o
LOAD Middlewares\Third_Party\FatFs\src\diskio.o
LOAD Middlewares\Third_Party\FatFs\src\drivers\sd_diskio.o
LOAD Middlewares\Third_Party\FatFs\src\ff.o
LOAD Middlewares\Third_Party\FatFs\src\ff_gen_drv.o
LOAD Middlewares\Third_Party\FatFs\src\option\syscall.o
LOAD Src\bsp_driver_sd.o
LOAD Src\fatfs.o
LOAD Src\main.o
LOAD Src\stm32f4xx_hal_msp.o
LOAD Src\stm32f4xx_it.o
LOAD Src\system_stm32f4xx.o
LOAD startup\startup_stm32f407xx.o
                0x00000080                malloc_getpagesize_P = 0x80
START GROUP
LOAD c:/program files (x86)/atollic/truestudio for stm32 9.3.0/armtools/bin/../lib/gcc/arm-atollic-eabi/6.3.1/../../../../arm-atollic-eabi/lib/armv7e-m/fpu\libc_nano.a
LOAD c:/program files (x86)/atollic/truestudio for stm32 9.3.0/armtools/bin/../lib/gcc/arm-atollic-eabi/6.3.1/../../../../arm-atollic-eabi/lib/armv7e-m/fpu\libm.a
END GROUP
START GROUP
LOAD c:/program files (x86)/atollic/truestudio for stm32 9.3.0/armtools/bin/../lib/gcc/arm-atollic-eabi/6.3.1/armv7e-m/fpu\libgcc.a
LOAD c:/program files (x86)/atollic/truestudio for stm32 9.3.0/armtools/bin/../lib/gcc/arm-atollic-eabi/6.3.1/../../../../arm-atollic-eabi/lib/armv7e-m/fpu\libc_nano.a
END GROUP
START GROUP
LOAD c:/program files (x86)/atollic/truestudio for stm32 9.3.0/armtools/bin/../lib/gcc/arm-atollic-eabi/6.3.1/armv7e-m/fpu\libgcc.a
LOAD c:/program files (x86)/atollic/truestudio for stm32 9.3.0/armtools/bin/../lib/gcc/arm-atollic-eabi/6.3.1/../../../../arm-atollic-eabi/lib/armv7e-m/fpu\libc_nano.a
LOAD c:/program files (x86)/atollic/truestudio for stm32 9.3.0/armtools/bin/../lib/gcc/arm-atollic-eabi/6.3.1/../../../../arm-atollic-eabi/lib/armv7e-m/fpu\libnosys.a
END GROUP
START GROUP
LOAD c:/program files (x86)/atollic/truestudio for stm32 9.3.0/armtools/bin/../lib/gcc/arm-atollic-eabi/6.3.1/armv7e-m/fpu\libgcc.a
LOAD c:/program files (x86)/atollic/truestudio for stm32 9.3.0/armtools/bin/../lib/gcc/arm-atollic-eabi/6.3.1/../../../../arm-atollic-eabi/lib/armv7e-m/fpu\libc_nano.a
LOAD c:/program files (x86)/atollic/truestudio for stm32 9.3.0/armtools/bin/../lib/gcc/arm-atollic-eabi/6.3.1/../../../../arm-atollic-eabi/lib/armv7e-m/fpu\libnosys.a
END GROUP
LOAD c:/program files (x86)/atollic/truestudio for stm32 9.3.0/armtools/bin/../lib/gcc/arm-atollic-eabi/6.3.1/armv7e-m/fpu/crtend.o
LOAD c:/program files (x86)/atollic/truestudio for stm32 9.3.0/armtools/bin/../lib/gcc/arm-atollic-eabi/6.3.1/armv7e-m/fpu/crtn.o
                0x20020000                _estack = 0x20020000
                0x00002000                _Min_Heap_Size = 0x2000
                0x00004000                _Min_Stack_Size = 0x4000

.isr_vector     0x08000000      0x188
                0x08000000                . = ALIGN (0x4)
 *(.isr_vector)
 .isr_vector    0x08000000      0x188 startup\startup_stm32f407xx.o
                0x08000000                g_pfnVectors
                0x08000188                . = ALIGN (0x4)

.text           0x08000188     0x4148
                0x08000188                . = ALIGN (0x4)
 *(.text)
 .text          0x08000188       0x40 c:/program files (x86)/atollic/truestudio for stm32 9.3.0/armtools/bin/../lib/gcc/arm-atollic-eabi/6.3.1/armv7e-m/fpu/crtbegin.o
 *(.text*)
 .text.HAL_InitTick
                0x080001c8       0x28 Drivers\STM32F4xx_HAL_Driver\Src\stm32f4xx_hal.o
                0x080001c8                HAL_InitTick
 .text.HAL_Init
                0x080001f0       0x34 Drivers\STM32F4xx_HAL_Driver\Src\stm32f4xx_hal.o
                0x080001f0                HAL_Init
 .text.HAL_IncTick
                0x08000224       0x10 Drivers\STM32F4xx_HAL_Driver\Src\stm32f4xx_hal.o
                0x08000224                HAL_IncTick
 .text.HAL_GetTick
                0x08000234        0xc Drivers\STM32F4xx_HAL_Driver\Src\stm32f4xx_hal.o
                0x08000234                HAL_GetTick
 .text.HAL_Delay
                0x08000240       0x20 Drivers\STM32F4xx_HAL_Driver\Src\stm32f4xx_hal.o
                0x08000240                HAL_Delay
 .text.HAL_ADC_Init
                0x08000260      0x154 Drivers\STM32F4xx_HAL_Driver\Src\stm32f4xx_hal_adc.o
                0x08000260                HAL_ADC_Init
 .text.HAL_ADC_Start_IT
                0x080003b4       0xcc Drivers\STM32F4xx_HAL_Driver\Src\stm32f4xx_hal_adc.o
                0x080003b4                HAL_ADC_Start_IT
 .text.HAL_ADC_Stop_IT
                0x08000480       0x48 Drivers\STM32F4xx_HAL_Driver\Src\stm32f4xx_hal_adc.o
                0x08000480                HAL_ADC_Stop_IT
 .text.HAL_ADC_GetValue
                0x080004c8        0x6 Drivers\STM32F4xx_HAL_Driver\Src\stm32f4xx_hal_adc.o
                0x080004c8                HAL_ADC_GetValue
 .text.HAL_ADC_LevelOutOfWindowCallback
                0x080004ce        0x2 Drivers\STM32F4xx_HAL_Driver\Src\stm32f4xx_hal_adc.o
                0x080004ce                HAL_ADC_LevelOutOfWindowCallback
 .text.HAL_ADC_ErrorCallback
                0x080004d0        0x2 Drivers\STM32F4xx_HAL_Driver\Src\stm32f4xx_hal_adc.o
                0x080004d0                HAL_ADC_ErrorCallback
 .text.HAL_ADC_IRQHandler
                0x080004d2      0x128 Drivers\STM32F4xx_HAL_Driver\Src\stm32f4xx_hal_adc.o
                0x080004d2                HAL_ADC_IRQHandler
 *fill*         0x080005fa        0x2 
 .text.HAL_ADC_ConfigChannel
                0x080005fc      0x12c Drivers\STM32F4xx_HAL_Driver\Src\stm32f4xx_hal_adc.o
                0x080005fc                HAL_ADC_ConfigChannel
 .text.HAL_ADCEx_InjectedConvCpltCallback
                0x08000728        0x2 Drivers\STM32F4xx_HAL_Driver\Src\stm32f4xx_hal_adc_ex.o
                0x08000728                HAL_ADCEx_InjectedConvCpltCallback
 *fill*         0x0800072a        0x2 
 .text.HAL_NVIC_SetPriorityGrouping
                0x0800072c       0x24 Drivers\STM32F4xx_HAL_Driver\Src\stm32f4xx_hal_cortex.o
                0x0800072c                HAL_NVIC_SetPriorityGrouping
 .text.HAL_NVIC_SetPriority
                0x08000750       0x68 Drivers\STM32F4xx_HAL_Driver\Src\stm32f4xx_hal_cortex.o
                0x08000750                HAL_NVIC_SetPriority
 .text.HAL_NVIC_EnableIRQ
                0x080007b8       0x18 Drivers\STM32F4xx_HAL_Driver\Src\stm32f4xx_hal_cortex.o
                0x080007b8                HAL_NVIC_EnableIRQ
 .text.HAL_SYSTICK_Config
                0x080007d0       0x2c Drivers\STM32F4xx_HAL_Driver\Src\stm32f4xx_hal_cortex.o
                0x080007d0                HAL_SYSTICK_Config
 .text.HAL_SYSTICK_CLKSourceConfig
                0x080007fc       0x18 Drivers\STM32F4xx_HAL_Driver\Src\stm32f4xx_hal_cortex.o
                0x080007fc                HAL_SYSTICK_CLKSourceConfig
 .text.HAL_SYSTICK_Callback
                0x08000814        0x2 Drivers\STM32F4xx_HAL_Driver\Src\stm32f4xx_hal_cortex.o
                0x08000814                HAL_SYSTICK_Callback
 .text.HAL_SYSTICK_IRQHandler
                0x08000816        0x8 Drivers\STM32F4xx_HAL_Driver\Src\stm32f4xx_hal_cortex.o
                0x08000816                HAL_SYSTICK_IRQHandler
 *fill*         0x0800081e        0x2 
 .text.DMA_CalcBaseAndBitshift
                0x08000820       0x2c Drivers\STM32F4xx_HAL_Driver\Src\stm32f4xx_hal_dma.o
 .text.HAL_DMA_Init
                0x0800084c       0xfc Drivers\STM32F4xx_HAL_Driver\Src\stm32f4xx_hal_dma.o
                0x0800084c                HAL_DMA_Init
 .text.HAL_DMA_Start_IT
                0x08000948       0x7c Drivers\STM32F4xx_HAL_Driver\Src\stm32f4xx_hal_dma.o
                0x08000948                HAL_DMA_Start_IT
 .text.HAL_DMA_Abort_IT
                0x080009c4       0x24 Drivers\STM32F4xx_HAL_Driver\Src\stm32f4xx_hal_dma.o
                0x080009c4                HAL_DMA_Abort_IT
 .text.HAL_DMA_IRQHandler
                0x080009e8      0x17c Drivers\STM32F4xx_HAL_Driver\Src\stm32f4xx_hal_dma.o
                0x080009e8                HAL_DMA_IRQHandler
 .text.HAL_GPIO_Init
                0x08000b64      0x1c0 Drivers\STM32F4xx_HAL_Driver\Src\stm32f4xx_hal_gpio.o
                0x08000b64                HAL_GPIO_Init
 .text.HAL_GPIO_WritePin
                0x08000d24        0xa Drivers\STM32F4xx_HAL_Driver\Src\stm32f4xx_hal_gpio.o
                0x08000d24                HAL_GPIO_WritePin
 *fill*         0x08000d2e        0x2 
 .text.HAL_RCC_OscConfig
                0x08000d30      0x328 Drivers\STM32F4xx_HAL_Driver\Src\stm32f4xx_hal_rcc.o
                0x08000d30                HAL_RCC_OscConfig
 .text.HAL_RCC_GetSysClockFreq
                0x08001058       0x74 Drivers\STM32F4xx_HAL_Driver\Src\stm32f4xx_hal_rcc.o
                0x08001058                HAL_RCC_GetSysClockFreq
 .text.HAL_RCC_ClockConfig
                0x080010cc      0x16c Drivers\STM32F4xx_HAL_Driver\Src\stm32f4xx_hal_rcc.o
                0x080010cc                HAL_RCC_ClockConfig
 .text.HAL_RCC_GetHCLKFreq
                0x08001238        0xc Drivers\STM32F4xx_HAL_Driver\Src\stm32f4xx_hal_rcc.o
                0x08001238                HAL_RCC_GetHCLKFreq
 .text.SD_DMATransmitCplt
                0x08001244        0xe Drivers\STM32F4xx_HAL_Driver\Src\stm32f4xx_hal_sd.o
 *fill*         0x08001252        0x2 
 .text.HAL_SD_ReadBlocks_DMA
                0x08001254      0x10c Drivers\STM32F4xx_HAL_Driver\Src\stm32f4xx_hal_sd.o
                0x08001254                HAL_SD_ReadBlocks_DMA
 .text.HAL_SD_WriteBlocks_DMA
                0x08001360      0x100 Drivers\STM32F4xx_HAL_Driver\Src\stm32f4xx_hal_sd.o
                0x08001360                HAL_SD_WriteBlocks_DMA
 .text.HAL_SD_GetState
                0x08001460        0x6 Drivers\STM32F4xx_HAL_Driver\Src\stm32f4xx_hal_sd.o
                0x08001460                HAL_SD_GetState
 .text.HAL_SD_TxCpltCallback
                0x08001466        0x2 Drivers\STM32F4xx_HAL_Driver\Src\stm32f4xx_hal_sd.o
                0x08001466                HAL_SD_TxCpltCallback
 .text.HAL_SD_RxCpltCallback
                0x08001468        0x2 Drivers\STM32F4xx_HAL_Driver\Src\stm32f4xx_hal_sd.o
                0x08001468                HAL_SD_RxCpltCallback
 .text.HAL_SD_ErrorCallback
                0x0800146a        0x2 Drivers\STM32F4xx_HAL_Driver\Src\stm32f4xx_hal_sd.o
                0x0800146a                HAL_SD_ErrorCallback
 .text.SD_DMAReceiveCplt
                0x0800146c       0x3c Drivers\STM32F4xx_HAL_Driver\Src\stm32f4xx_hal_sd.o
 .text.HAL_SD_AbortCallback
                0x080014a8        0x2 Drivers\STM32F4xx_HAL_Driver\Src\stm32f4xx_hal_sd.o
                0x080014a8                HAL_SD_AbortCallback
 .text.HAL_SD_GetCardCSD
                0x080014aa      0x1be Drivers\STM32F4xx_HAL_Driver\Src\stm32f4xx_hal_sd.o
                0x080014aa                HAL_SD_GetCardCSD
 .text.HAL_SD_InitCard
                0x08001668      0x1dc Drivers\STM32F4xx_HAL_Driver\Src\stm32f4xx_hal_sd.o
                0x08001668                HAL_SD_InitCard
 .text.HAL_SD_Init
                0x08001844       0x34 Drivers\STM32F4xx_HAL_Driver\Src\stm32f4xx_hal_sd.o
                0x08001844                HAL_SD_Init
 .text.HAL_SD_GetCardInfo
                0x08001878       0x24 Drivers\STM32F4xx_HAL_Driver\Src\stm32f4xx_hal_sd.o
                0x08001878                HAL_SD_GetCardInfo
 .text.HAL_SD_GetCardState
                0x0800189c       0x28 Drivers\STM32F4xx_HAL_Driver\Src\stm32f4xx_hal_sd.o
                0x0800189c                HAL_SD_GetCardState
 .text.SD_DMAError
                0x080018c4       0x54 Drivers\STM32F4xx_HAL_Driver\Src\stm32f4xx_hal_sd.o
 .text.SD_DMATxAbort
                0x08001918       0x44 Drivers\STM32F4xx_HAL_Driver\Src\stm32f4xx_hal_sd.o
 .text.SD_DMARxAbort
                0x0800195c       0x44 Drivers\STM32F4xx_HAL_Driver\Src\stm32f4xx_hal_sd.o
 .text.HAL_SD_IRQHandler
                0x080019a0      0x1c0 Drivers\STM32F4xx_HAL_Driver\Src\stm32f4xx_hal_sd.o
                0x080019a0                HAL_SD_IRQHandler
 .text.SDMMC_GetCmdResp2
                0x08001b60       0x4c Drivers\STM32F4xx_HAL_Driver\Src\stm32f4xx_ll_sdmmc.o
 .text.SDMMC_GetCmdResp3
                0x08001bac       0x40 Drivers\STM32F4xx_HAL_Driver\Src\stm32f4xx_ll_sdmmc.o
 .text.SDIO_Init
                0x08001bec       0x38 Drivers\STM32F4xx_HAL_Driver\Src\stm32f4xx_ll_sdmmc.o
                0x08001bec                SDIO_Init
 .text.SDIO_ReadFIFO
                0x08001c24        0x6 Drivers\STM32F4xx_HAL_Driver\Src\stm32f4xx_ll_sdmmc.o
                0x08001c24                SDIO_ReadFIFO
 .text.SDIO_WriteFIFO
                0x08001c2a        0xa Drivers\STM32F4xx_HAL_Driver\Src\stm32f4xx_ll_sdmmc.o
                0x08001c2a                SDIO_WriteFIFO
 .text.SDIO_PowerState_ON
                0x08001c34        0x8 Drivers\STM32F4xx_HAL_Driver\Src\stm32f4xx_ll_sdmmc.o
                0x08001c34                SDIO_PowerState_ON
 .text.SDIO_GetPowerState
                0x08001c3c        0x8 Drivers\STM32F4xx_HAL_Driver\Src\stm32f4xx_ll_sdmmc.o
                0x08001c3c                SDIO_GetPowerState
 .text.SDIO_SendCommand
                0x08001c44       0x26 Drivers\STM32F4xx_HAL_Driver\Src\stm32f4xx_ll_sdmmc.o
                0x08001c44                SDIO_SendCommand
 .text.SDIO_GetResponse
                0x08001c6a       0x14 Drivers\STM32F4xx_HAL_Driver\Src\stm32f4xx_ll_sdmmc.o
                0x08001c6a                SDIO_GetResponse
 *fill*         0x08001c7e        0x2 
 .text.SDMMC_GetCmdResp1
                0x08001c80      0x120 Drivers\STM32F4xx_HAL_Driver\Src\stm32f4xx_ll_sdmmc.o
 .text.SDIO_ConfigData
                0x08001da0       0x26 Drivers\STM32F4xx_HAL_Driver\Src\stm32f4xx_ll_sdmmc.o
                0x08001da0                SDIO_ConfigData
 .text.SDMMC_CmdBlockLength
                0x08001dc6       0x30 Drivers\STM32F4xx_HAL_Driver\Src\stm32f4xx_ll_sdmmc.o
                0x08001dc6                SDMMC_CmdBlockLength
 .text.SDMMC_CmdReadSingleBlock
                0x08001df6       0x30 Drivers\STM32F4xx_HAL_Driver\Src\stm32f4xx_ll_sdmmc.o
                0x08001df6                SDMMC_CmdReadSingleBlock
 .text.SDMMC_CmdReadMultiBlock
                0x08001e26       0x30 Drivers\STM32F4xx_HAL_Driver\Src\stm32f4xx_ll_sdmmc.o
                0x08001e26                SDMMC_CmdReadMultiBlock
 .text.SDMMC_CmdWriteSingleBlock
                0x08001e56       0x30 Drivers\STM32F4xx_HAL_Driver\Src\stm32f4xx_ll_sdmmc.o
                0x08001e56                SDMMC_CmdWriteSingleBlock
 .text.SDMMC_CmdWriteMultiBlock
                0x08001e86       0x30 Drivers\STM32F4xx_HAL_Driver\Src\stm32f4xx_ll_sdmmc.o
                0x08001e86                SDMMC_CmdWriteMultiBlock
 *fill*         0x08001eb6        0x2 
 .text.SDMMC_CmdStopTransfer
                0x08001eb8       0x34 Drivers\STM32F4xx_HAL_Driver\Src\stm32f4xx_ll_sdmmc.o
                0x08001eb8                SDMMC_CmdStopTransfer
 .text.SDMMC_CmdSelDesel
                0x08001eec       0x30 Drivers\STM32F4xx_HAL_Driver\Src\stm32f4xx_ll_sdmmc.o
                0x08001eec                SDMMC_CmdSelDesel
 .text.SDMMC_CmdGoIdleState
                0x08001f1c       0x50 Drivers\STM32F4xx_HAL_Driver\Src\stm32f4xx_ll_sdmmc.o
                0x08001f1c                SDMMC_CmdGoIdleState
 .text.SDMMC_CmdOperCond
                0x08001f6c       0x70 Drivers\STM32F4xx_HAL_Driver\Src\stm32f4xx_ll_sdmmc.o
                0x08001f6c                SDMMC_CmdOperCond
 .text.SDMMC_CmdAppCommand
                0x08001fdc       0x30 Drivers\STM32F4xx_HAL_Driver\Src\stm32f4xx_ll_sdmmc.o
                0x08001fdc                SDMMC_CmdAppCommand
 .text.SDMMC_CmdAppOperCommand
                0x0800200c       0x32 Drivers\STM32F4xx_HAL_Driver\Src\stm32f4xx_ll_sdmmc.o
                0x0800200c                SDMMC_CmdAppOperCommand
 .text.SDMMC_CmdSendCID
                0x0800203e       0x2a Drivers\STM32F4xx_HAL_Driver\Src\stm32f4xx_ll_sdmmc.o
                0x0800203e                SDMMC_CmdSendCID
 .text.SDMMC_CmdSendCSD
                0x08002068       0x2a Drivers\STM32F4xx_HAL_Driver\Src\stm32f4xx_ll_sdmmc.o
                0x08002068                SDMMC_CmdSendCSD
 *fill*         0x08002092        0x2 
 .text.SDMMC_CmdSetRelAdd
                0x08002094       0xa8 Drivers\STM32F4xx_HAL_Driver\Src\stm32f4xx_ll_sdmmc.o
                0x08002094                SDMMC_CmdSetRelAdd
 .text.SDMMC_CmdSendStatus
                0x0800213c       0x30 Drivers\STM32F4xx_HAL_Driver\Src\stm32f4xx_ll_sdmmc.o
                0x0800213c                SDMMC_CmdSendStatus
 .text.disk_status
                0x0800216c       0x14 Middlewares\Third_Party\FatFs\src\diskio.o
                0x0800216c                disk_status
 .text.disk_initialize
                0x08002180       0x20 Middlewares\Third_Party\FatFs\src\diskio.o
                0x08002180                disk_initialize
 .text.disk_read
                0x080021a0       0x1c Middlewares\Third_Party\FatFs\src\diskio.o
                0x080021a0                disk_read
 .text.disk_write
                0x080021bc       0x1c Middlewares\Third_Party\FatFs\src\diskio.o
                0x080021bc                disk_write
 .text.disk_ioctl
                0x080021d8       0x1c Middlewares\Third_Party\FatFs\src\diskio.o
                0x080021d8                disk_ioctl
 .text.SD_initialize
                0x080021f4       0x20 Middlewares\Third_Party\FatFs\src\drivers\sd_diskio.o
                0x080021f4                SD_initialize
 .text.SD_status
                0x08002214       0x20 Middlewares\Third_Party\FatFs\src\drivers\sd_diskio.o
                0x08002214                SD_status
 .text.SD_read  0x08002234       0x14 Middlewares\Third_Party\FatFs\src\drivers\sd_diskio.o
                0x08002234                SD_read
 .text.SD_write
                0x08002248       0x14 Middlewares\Third_Party\FatFs\src\drivers\sd_diskio.o
                0x08002248                SD_write
 .text.SD_ioctl
                0x0800225c       0x4c Middlewares\Third_Party\FatFs\src\drivers\sd_diskio.o
                0x0800225c                SD_ioctl
 .text.mem_cpy  0x080022a8       0x14 Middlewares\Third_Party\FatFs\src\ff.o
 .text.mem_set  0x080022bc        0xe Middlewares\Third_Party\FatFs\src\ff.o
 *fill*         0x080022ca        0x2 
 .text.chk_lock
                0x080022cc       0x6c Middlewares\Third_Party\FatFs\src\ff.o
 .text.inc_lock
                0x08002338       0xac Middlewares\Third_Party\FatFs\src\ff.o
 .text.dec_lock
                0x080023e4       0x38 Middlewares\Third_Party\FatFs\src\ff.o
 .text.clmt_clust
                0x0800241c       0x36 Middlewares\Third_Party\FatFs\src\ff.o
 .text.get_ldnumber
                0x08002452       0x30 Middlewares\Third_Party\FatFs\src\ff.o
 .text.validate
                0x08002482       0x38 Middlewares\Third_Party\FatFs\src\ff.o
 .text.ld_clust.isra.0
                0x080024ba       0x1c Middlewares\Third_Party\FatFs\src\ff.o
 .text.sync_window.part.2
                0x080024d6       0x68 Middlewares\Third_Party\FatFs\src\ff.o
 .text.sync_window
                0x0800253e       0x10 Middlewares\Third_Party\FatFs\src\ff.o
 .text.sync_fs  0x0800254e       0xca Middlewares\Third_Party\FatFs\src\ff.o
 .text.move_window
                0x08002618       0x3e Middlewares\Third_Party\FatFs\src\ff.o
 *fill*         0x08002656        0x2 
 .text.check_fs
                0x08002658       0x5c Middlewares\Third_Party\FatFs\src\ff.o
 .text.find_volume
                0x080026b4      0x304 Middlewares\Third_Party\FatFs\src\ff.o
 .text.clust2sect
                0x080029b8       0x24 Middlewares\Third_Party\FatFs\src\ff.o
                0x080029b8                clust2sect
 .text.get_fat  0x080029dc      0x118 Middlewares\Third_Party\FatFs\src\ff.o
                0x080029dc                get_fat
 .text.dir_sdi  0x08002af4       0xd8 Middlewares\Third_Party\FatFs\src\ff.o
 .text.put_fat  0x08002bcc      0x146 Middlewares\Third_Party\FatFs\src\ff.o
                0x08002bcc                put_fat
 .text.create_chain
                0x08002d12       0xc6 Middlewares\Third_Party\FatFs\src\ff.o
 .text.dir_next
                0x08002dd8      0x158 Middlewares\Third_Party\FatFs\src\ff.o
 .text.follow_path
                0x08002f30      0x1cc Middlewares\Third_Party\FatFs\src\ff.o
 .text.dir_register
                0x080030fc       0x86 Middlewares\Third_Party\FatFs\src\ff.o
 .text.remove_chain
                0x08003182       0x72 Middlewares\Third_Party\FatFs\src\ff.o
 .text.f_mount  0x080031f4       0x70 Middlewares\Third_Party\FatFs\src\ff.o
                0x080031f4                f_mount
 .text.f_open   0x08003264      0x214 Middlewares\Third_Party\FatFs\src\ff.o
                0x08003264                f_open
 .text.f_write  0x08003478      0x24a Middlewares\Third_Party\FatFs\src\ff.o
                0x08003478                f_write
 .text.f_sync   0x080036c2       0xcc Middlewares\Third_Party\FatFs\src\ff.o
                0x080036c2                f_sync
 .text.f_close  0x0800378e       0x26 Middlewares\Third_Party\FatFs\src\ff.o
                0x0800378e                f_close
 .text.f_lseek  0x080037b4      0x31a Middlewares\Third_Party\FatFs\src\ff.o
                0x080037b4                f_lseek
 *fill*         0x08003ace        0x2 
 .text.FATFS_LinkDriverEx
                0x08003ad0       0x44 Middlewares\Third_Party\FatFs\src\ff_gen_drv.o
                0x08003ad0                FATFS_LinkDriverEx
 .text.FATFS_LinkDriver
                0x08003b14        0x6 Middlewares\Third_Party\FatFs\src\ff_gen_drv.o
                0x08003b14                FATFS_LinkDriver
 *fill*         0x08003b1a        0x2 
 .text.BSP_SD_Init
                0x08003b1c       0x20 Src\bsp_driver_sd.o
                0x08003b1c                BSP_SD_Init
 .text.BSP_SD_ReadBlocks_DMA
                0x08003b3c       0x5c Src\bsp_driver_sd.o
                0x08003b3c                BSP_SD_ReadBlocks_DMA
 .text.BSP_SD_WriteBlocks_DMA
                0x08003b98       0x5c Src\bsp_driver_sd.o
                0x08003b98                BSP_SD_WriteBlocks_DMA
 .text.BSP_SD_GetCardState
                0x08003bf4       0x14 Src\bsp_driver_sd.o
                0x08003bf4                BSP_SD_GetCardState
 .text.BSP_SD_GetCardInfo
                0x08003c08        0xc Src\bsp_driver_sd.o
                0x08003c08                BSP_SD_GetCardInfo
 .text.MX_FATFS_Init
                0x08003c14       0x1c Src\fatfs.o
                0x08003c14                MX_FATFS_Init
 .text.get_fattime
                0x08003c30        0x4 Src\fatfs.o
                0x08003c30                get_fattime
 .text.HAL_ADC_ConvCpltCallback
                0x08003c34       0x4c Src\main.o
                0x08003c34                HAL_ADC_ConvCpltCallback
 .text.SystemClock_Config
                0x08003c80       0xb0 Src\main.o
                0x08003c80                SystemClock_Config
 .text.startup.main
                0x08003d30      0x258 Src\main.o
                0x08003d30                main
 .text._Error_Handler
                0x08003f88        0x2 Src\main.o
                0x08003f88                _Error_Handler
 .text.HAL_MspInit
                0x08003f8a       0x60 Src\stm32f4xx_hal_msp.o
                0x08003f8a                HAL_MspInit
 *fill*         0x08003fea        0x2 
 .text.HAL_ADC_MspInit
                0x08003fec       0x54 Src\stm32f4xx_hal_msp.o
                0x08003fec                HAL_ADC_MspInit
 .text.HAL_SD_MspInit
                0x08004040      0x140 Src\stm32f4xx_hal_msp.o
                0x08004040                HAL_SD_MspInit
 .text.NMI_Handler
                0x08004180        0x2 Src\stm32f4xx_it.o
                0x08004180                NMI_Handler
 .text.HardFault_Handler
                0x08004182        0x2 Src\stm32f4xx_it.o
                0x08004182                HardFault_Handler
 .text.MemManage_Handler
                0x08004184        0x2 Src\stm32f4xx_it.o
                0x08004184                MemManage_Handler
 .text.BusFault_Handler
                0x08004186        0x2 Src\stm32f4xx_it.o
                0x08004186                BusFault_Handler
 .text.UsageFault_Handler
                0x08004188        0x2 Src\stm32f4xx_it.o
                0x08004188                UsageFault_Handler
 .text.SVC_Handler
                0x0800418a        0x2 Src\stm32f4xx_it.o
                0x0800418a                SVC_Handler
 .text.DebugMon_Handler
                0x0800418c        0x2 Src\stm32f4xx_it.o
                0x0800418c                DebugMon_Handler
 .text.PendSV_Handler
                0x0800418e        0x2 Src\stm32f4xx_it.o
                0x0800418e                PendSV_Handler
 .text.SysTick_Handler
                0x08004190        0xe Src\stm32f4xx_it.o
                0x08004190                SysTick_Handler
 *fill*         0x0800419e        0x2 
 .text.ADC_IRQHandler
                0x080041a0        0xc Src\stm32f4xx_it.o
                0x080041a0                ADC_IRQHandler
 .text.SDIO_IRQHandler
                0x080041ac        0xc Src\stm32f4xx_it.o
                0x080041ac                SDIO_IRQHandler
 .text.DMA2_Stream3_IRQHandler
                0x080041b8        0xc Src\stm32f4xx_it.o
                0x080041b8                DMA2_Stream3_IRQHandler
 .text.DMA2_Stream6_IRQHandler
                0x080041c4        0xc Src\stm32f4xx_it.o
                0x080041c4                DMA2_Stream6_IRQHandler
 .text.SystemInit
                0x080041d0       0x4c Src\system_stm32f4xx.o
                0x080041d0                SystemInit
 .text.Reset_Handler
                0x0800421c       0x50 startup\startup_stm32f407xx.o
                0x0800421c                Reset_Handler
 .text.Default_Handler
                0x0800426c        0x2 startup\startup_stm32f407xx.o
                0x0800426c                RTC_Alarm_IRQHandler
                0x0800426c                HASH_RNG_IRQHandler
                0x0800426c                EXTI2_IRQHandler
                0x0800426c                TIM8_CC_IRQHandler
                0x0800426c                TIM1_CC_IRQHandler
                0x0800426c                DMA2_Stream5_IRQHandler
                0x0800426c                DMA1_Stream5_IRQHandler
                0x0800426c                PVD_IRQHandler
                0x0800426c                TAMP_STAMP_IRQHandler
                0x0800426c                CAN2_RX1_IRQHandler
                0x0800426c                EXTI3_IRQHandler
                0x0800426c                TIM8_TRG_COM_TIM14_IRQHandler
                0x0800426c                TIM1_UP_TIM10_IRQHandler
                0x0800426c                TIM8_UP_TIM13_IRQHandler
                0x0800426c                I2C3_ER_IRQHandler
                0x0800426c                EXTI0_IRQHandler
                0x0800426c                I2C2_EV_IRQHandler
                0x0800426c                DMA1_Stream2_IRQHandler
                0x0800426c                CAN1_RX0_IRQHandler
                0x0800426c                FPU_IRQHandler
                0x0800426c                OTG_HS_WKUP_IRQHandler
                0x0800426c                CAN2_SCE_IRQHandler
                0x0800426c                DMA2_Stream2_IRQHandler
                0x0800426c                SPI1_IRQHandler
                0x0800426c                TIM6_DAC_IRQHandler
                0x0800426c                TIM1_BRK_TIM9_IRQHandler
                0x0800426c                DCMI_IRQHandler
                0x0800426c                CAN2_RX0_IRQHandler
                0x0800426c                USART6_IRQHandler
                0x0800426c                USART3_IRQHandler
                0x0800426c                CAN1_RX1_IRQHandler
                0x0800426c                UART5_IRQHandler
                0x0800426c                DMA2_Stream0_IRQHandler
                0x0800426c                TIM4_IRQHandler
                0x0800426c                I2C1_EV_IRQHandler
                0x0800426c                DMA1_Stream6_IRQHandler
                0x0800426c                DMA1_Stream1_IRQHandler
                0x0800426c                UART4_IRQHandler
                0x0800426c                TIM3_IRQHandler
                0x0800426c                RCC_IRQHandler
                0x0800426c                TIM8_BRK_TIM12_IRQHandler
                0x0800426c                Default_Handler
                0x0800426c                EXTI15_10_IRQHandler
                0x0800426c                DMA1_Stream7_IRQHandler
                0x0800426c                TIM7_IRQHandler
                0x0800426c                CAN2_TX_IRQHandler
                0x0800426c                TIM5_IRQHandler
                0x0800426c                DMA2_Stream7_IRQHandler
                0x0800426c                I2C3_EV_IRQHandler
                0x0800426c                EXTI9_5_IRQHandler
                0x0800426c                RTC_WKUP_IRQHandler
                0x0800426c                ETH_WKUP_IRQHandler
                0x0800426c                SPI2_IRQHandler
                0x0800426c                OTG_HS_EP1_IN_IRQHandler
                0x0800426c                DMA1_Stream0_IRQHandler
                0x0800426c                CAN1_TX_IRQHandler
                0x0800426c                EXTI4_IRQHandler
                0x0800426c                FSMC_IRQHandler
                0x0800426c                ETH_IRQHandler
                0x0800426c                OTG_HS_EP1_OUT_IRQHandler
                0x0800426c                WWDG_IRQHandler
                0x0800426c                TIM2_IRQHandler
                0x0800426c                OTG_FS_WKUP_IRQHandler
                0x0800426c                TIM1_TRG_COM_TIM11_IRQHandler
                0x0800426c                OTG_HS_IRQHandler
                0x0800426c                EXTI1_IRQHandler
                0x0800426c                USART2_IRQHandler
                0x0800426c                I2C2_ER_IRQHandler
                0x0800426c                DMA2_Stream1_IRQHandler
                0x0800426c                CAN1_SCE_IRQHandler
                0x0800426c                FLASH_IRQHandler
                0x0800426c                DMA2_Stream4_IRQHandler
                0x0800426c                USART1_IRQHandler
                0x0800426c                OTG_FS_IRQHandler
                0x0800426c                SPI3_IRQHandler
                0x0800426c                DMA1_Stream4_IRQHandler
                0x0800426c                I2C1_ER_IRQHandler
                0x0800426c                DMA1_Stream3_IRQHandler
 *fill*         0x0800426e        0x2 
 .text.__libc_init_array
                0x08004270       0x48 c:/program files (x86)/atollic/truestudio for stm32 9.3.0/armtools/bin/../lib/gcc/arm-atollic-eabi/6.3.1/../../../../arm-atollic-eabi/lib/armv7e-m/fpu\libc_nano.a(lib_a-init.o)
                0x08004270                __libc_init_array
 *(.glue_7)
 .glue_7        0x080042b8        0x0 linker stubs
 *(.glue_7t)
 .glue_7t       0x080042b8        0x0 linker stubs
 *(.eh_frame)
 .eh_frame      0x080042b8        0x0 c:/program files (x86)/atollic/truestudio for stm32 9.3.0/armtools/bin/../lib/gcc/arm-atollic-eabi/6.3.1/armv7e-m/fpu/crtbegin.o
 *(.init)
 .init          0x080042b8        0x4 c:/program files (x86)/atollic/truestudio for stm32 9.3.0/armtools/bin/../lib/gcc/arm-atollic-eabi/6.3.1/armv7e-m/fpu/crti.o
                0x080042b8                _init
 .init          0x080042bc        0x8 c:/program files (x86)/atollic/truestudio for stm32 9.3.0/armtools/bin/../lib/gcc/arm-atollic-eabi/6.3.1/armv7e-m/fpu/crtn.o
 *(.fini)
 .fini          0x080042c4        0x4 c:/program files (x86)/atollic/truestudio for stm32 9.3.0/armtools/bin/../lib/gcc/arm-atollic-eabi/6.3.1/armv7e-m/fpu/crti.o
                0x080042c4                _fini
 .fini          0x080042c8        0x8 c:/program files (x86)/atollic/truestudio for stm32 9.3.0/armtools/bin/../lib/gcc/arm-atollic-eabi/6.3.1/armv7e-m/fpu/crtn.o
                0x080042d0                . = ALIGN (0x4)
                0x080042d0                _etext = .

.vfp11_veneer   0x080042d0        0x0
 .vfp11_veneer  0x080042d0        0x0 linker stubs

.v4_bx          0x080042d0        0x0
 .v4_bx         0x080042d0        0x0 linker stubs

.iplt           0x080042d0        0x0
 .iplt          0x080042d0        0x0 c:/program files (x86)/atollic/truestudio for stm32 9.3.0/armtools/bin/../lib/gcc/arm-atollic-eabi/6.3.1/armv7e-m/fpu/crtbegin.o

.rodata         0x080042d0       0xe0
                0x080042d0                . = ALIGN (0x4)
 *(.rodata)
 *(.rodata*)
 .rodata.flagBitshiftOffset.8663
                0x080042d0        0x8 Drivers\STM32F4xx_HAL_Driver\Src\stm32f4xx_hal_dma.o
 .rodata.SD_Driver
                0x080042d8       0x14 Middlewares\Third_Party\FatFs\src\drivers\sd_diskio.o
                0x080042d8                SD_Driver
 .rodata.ExCvt  0x080042ec       0x80 Middlewares\Third_Party\FatFs\src\ff.o
 .rodata.follow_path.str1.1
                0x0800436c        0xf Middlewares\Third_Party\FatFs\src\ff.o
 .rodata.main.str1.1
                0x0800437b        0x9 Src\main.o
 .rodata.HAL_SD_MspInit.str1.1
                0x08004384       0x1b Src\stm32f4xx_hal_msp.o
 .rodata.AHBPrescTable
                0x0800439f       0x10 Src\system_stm32f4xx.o
                0x0800439f                AHBPrescTable
                0x080043b0                . = ALIGN (0x4)
 *fill*         0x080043af        0x1 

.rel.dyn        0x080043b0        0x0
 .rel.iplt      0x080043b0        0x0 c:/program files (x86)/atollic/truestudio for stm32 9.3.0/armtools/bin/../lib/gcc/arm-atollic-eabi/6.3.1/armv7e-m/fpu/crtbegin.o

.ARM.extab
 *(.ARM.extab* .gnu.linkonce.armextab.*)

.ARM            0x080043b0        0x0
                0x080043b0                __exidx_start = .
 *(.ARM.exidx*)
                0x080043b0                __exidx_end = .

.preinit_array  0x080043b0        0x0
                0x080043b0                PROVIDE (__preinit_array_start, .)
 *(.preinit_array*)
                0x080043b0                PROVIDE (__preinit_array_end, .)

.init_array     0x080043b0        0x4
                0x080043b0                PROVIDE (__init_array_start, .)
 *(SORT(.init_array.*))
 *(.init_array*)
 .init_array    0x080043b0        0x4 c:/program files (x86)/atollic/truestudio for stm32 9.3.0/armtools/bin/../lib/gcc/arm-atollic-eabi/6.3.1/armv7e-m/fpu/crtbegin.o
                0x080043b4                PROVIDE (__init_array_end, .)

.fini_array     0x080043b4        0x4
                [!provide]                PROVIDE (__fini_array_start, .)
 *(SORT(.fini_array.*))
 *(.fini_array*)
 .fini_array    0x080043b4        0x4 c:/program files (x86)/atollic/truestudio for stm32 9.3.0/armtools/bin/../lib/gcc/arm-atollic-eabi/6.3.1/armv7e-m/fpu/crtbegin.o
                [!provide]                PROVIDE (__fini_array_end, .)
                0x080043b8                _sidata = LOADADDR (.data)

.data           0x20000000        0x8 load address 0x080043b8
                0x20000000                . = ALIGN (0x4)
                0x20000000                _sdata = .
 *(.data)
 *(.data*)
 .data.Stat     0x20000000        0x1 Middlewares\Third_Party\FatFs\src\drivers\sd_diskio.o
 *fill*         0x20000001        0x3 
 .data.SystemCoreClock
                0x20000004        0x4 Src\system_stm32f4xx.o
                0x20000004                SystemCoreClock
                0x20000008                . = ALIGN (0x4)
                0x20000008                _edata = .
                0x080043c0                _siccmram = LOADADDR (.ccmram)

.igot.plt       0x20000008        0x0 load address 0x080043c0
 .igot.plt      0x20000008        0x0 c:/program files (x86)/atollic/truestudio for stm32 9.3.0/armtools/bin/../lib/gcc/arm-atollic-eabi/6.3.1/armv7e-m/fpu/crtbegin.o

.ccmram         0x10000000        0x0 load address 0x080043c0
                0x10000000                . = ALIGN (0x4)
                0x10000000                _sccmram = .
 *(.ccmram)
 *(.ccmram*)
                0x10000000                . = ALIGN (0x4)
                0x10000000                _eccmram = .
                0x10000000                . = ALIGN (0x4)

.bss            0x20000008     0xf170
                0x20000008                _sbss = .
                0x20000008                __bss_start__ = _sbss
 *(.bss)
 .bss           0x20000008       0x1c c:/program files (x86)/atollic/truestudio for stm32 9.3.0/armtools/bin/../lib/gcc/arm-atollic-eabi/6.3.1/armv7e-m/fpu/crtbegin.o
 *(.bss*)
 .bss.FatFs     0x20000024        0x4 Middlewares\Third_Party\FatFs\src\ff.o
 .bss.Files     0x20000028       0x18 Middlewares\Third_Party\FatFs\src\ff.o
 .bss.Fsid      0x20000040        0x2 Middlewares\Third_Party\FatFs\src\ff.o
 *fill*         0x20000042        0x2 
 .bss.disk      0x20000044        0xc Middlewares\Third_Party\FatFs\src\ff_gen_drv.o
                0x20000044                disk
 .bss.flag      0x20000050        0x4 Src\main.o
                0x20000050                flag
 .bss.i         0x20000054        0x4 Src\main.o
                0x20000054                i
 *(COMMON)
 COMMON         0x20000058        0x4 Drivers\STM32F4xx_HAL_Driver\Src\stm32f4xx_hal.o
                0x20000058                uwTick
 COMMON         0x2000005c        0x5 Src\fatfs.o
                0x2000005c                retSD
                0x2000005d                SD_Path
 *fill*         0x20000061        0x3 
 COMMON         0x20000064     0xf112 Src\main.o
                0x20000064                hdma_sdio_rx
                0x200000c4                myFile
                0x200010f0                myBytes
                0x200010f4                try
                0x200010f8                adcResult
                0x2000e014                hadc1
                0x2000e05c                myFatFS
                0x2000f08c                hdma_sdio_tx
                0x2000f0ec                hsd
                0x2000f170                result
                0x2000f171                buf
                0x2000f175                status
                0x2000f178                . = ALIGN (0x4)
 *fill*         0x2000f176        0x2 
                0x2000f178                _ebss = .
                0x2000f178                __bss_end__ = _ebss

._user_heap_stack
                0x2000f178     0x6000
                0x2000f178                . = ALIGN (0x4)
                [!provide]                PROVIDE (end, .)
                [!provide]                PROVIDE (_end, .)
                0x20011178                . = (. + _Min_Heap_Size)
 *fill*         0x2000f178     0x2000 
                0x20015178                . = (. + _Min_Stack_Size)
 *fill*         0x20011178     0x4000 
                0x20015178                . = ALIGN (0x4)

/DISCARD/
 libc.a(*)
 libm.a(*)
 libgcc.a(*)

.ARM.attributes
                0x00000000       0x30
 *(.ARM.attributes)
 .ARM.attributes
                0x00000000       0x22 c:/program files (x86)/atollic/truestudio for stm32 9.3.0/armtools/bin/../lib/gcc/arm-atollic-eabi/6.3.1/armv7e-m/fpu/crti.o
 .ARM.attributes
                0x00000022       0x34 c:/program files (x86)/atollic/truestudio for stm32 9.3.0/armtools/bin/../lib/gcc/arm-atollic-eabi/6.3.1/armv7e-m/fpu/crtbegin.o
 .ARM.attributes
                0x00000056       0x39 Drivers\STM32F4xx_HAL_Driver\Src\stm32f4xx_hal.o
 .ARM.attributes
                0x0000008f       0x39 Drivers\STM32F4xx_HAL_Driver\Src\stm32f4xx_hal_adc.o
 .ARM.attributes
                0x000000c8       0x39 Drivers\STM32F4xx_HAL_Driver\Src\stm32f4xx_hal_adc_ex.o
 .ARM.attributes
                0x00000101       0x39 Drivers\STM32F4xx_HAL_Driver\Src\stm32f4xx_hal_cortex.o
 .ARM.attributes
                0x0000013a       0x39 Drivers\STM32F4xx_HAL_Driver\Src\stm32f4xx_hal_dma.o
 .ARM.attributes
                0x00000173       0x39 Drivers\STM32F4xx_HAL_Driver\Src\stm32f4xx_hal_gpio.o
 .ARM.attributes
                0x000001ac       0x39 Drivers\STM32F4xx_HAL_Driver\Src\stm32f4xx_hal_rcc.o
 .ARM.attributes
                0x000001e5       0x39 Drivers\STM32F4xx_HAL_Driver\Src\stm32f4xx_hal_sd.o
 .ARM.attributes
                0x0000021e       0x39 Drivers\STM32F4xx_HAL_Driver\Src\stm32f4xx_ll_sdmmc.o
 .ARM.attributes
                0x00000257       0x39 Middlewares\Third_Party\FatFs\src\diskio.o
 .ARM.attributes
                0x00000290       0x39 Middlewares\Third_Party\FatFs\src\drivers\sd_diskio.o
 .ARM.attributes
                0x000002c9       0x39 Middlewares\Third_Party\FatFs\src\ff.o
 .ARM.attributes
                0x00000302       0x39 Middlewares\Third_Party\FatFs\src\ff_gen_drv.o
 .ARM.attributes
                0x0000033b       0x39 Src\bsp_driver_sd.o
 .ARM.attributes
                0x00000374       0x39 Src\fatfs.o
 .ARM.attributes
                0x000003ad       0x39 Src\main.o
 .ARM.attributes
                0x000003e6       0x39 Src\stm32f4xx_hal_msp.o
 .ARM.attributes
                0x0000041f       0x39 Src\stm32f4xx_it.o
 .ARM.attributes
                0x00000458       0x39 Src\system_stm32f4xx.o
 .ARM.attributes
                0x00000491       0x21 startup\startup_stm32f407xx.o
 .ARM.attributes
                0x000004b2       0x34 c:/program files (x86)/atollic/truestudio for stm32 9.3.0/armtools/bin/../lib/gcc/arm-atollic-eabi/6.3.1/../../../../arm-atollic-eabi/lib/armv7e-m/fpu\libc_nano.a(lib_a-init.o)
 .ARM.attributes
                0x000004e6       0x22 c:/program files (x86)/atollic/truestudio for stm32 9.3.0/armtools/bin/../lib/gcc/arm-atollic-eabi/6.3.1/armv7e-m/fpu/crtn.o
OUTPUT(2908doganKayadelenADCtoSDDMA.elf elf32-littlearm)

.debug_info     0x00000000    0x1b8a3
 .debug_info    0x00000000     0x1186 Drivers\STM32F4xx_HAL_Driver\Src\stm32f4xx_hal.o
 .debug_info    0x00001186     0x1600 Drivers\STM32F4xx_HAL_Driver\Src\stm32f4xx_hal_adc.o
 .debug_info    0x00002786     0x13dd Drivers\STM32F4xx_HAL_Driver\Src\stm32f4xx_hal_adc_ex.o
 .debug_info    0x00003b63     0x1744 Drivers\STM32F4xx_HAL_Driver\Src\stm32f4xx_hal_cortex.o
 .debug_info    0x000052a7     0x125c Drivers\STM32F4xx_HAL_Driver\Src\stm32f4xx_hal_dma.o
 .debug_info    0x00006503      0xf88 Drivers\STM32F4xx_HAL_Driver\Src\stm32f4xx_hal_gpio.o
 .debug_info    0x0000748b     0x14b7 Drivers\STM32F4xx_HAL_Driver\Src\stm32f4xx_hal_rcc.o
 .debug_info    0x00008942     0x2aa3 Drivers\STM32F4xx_HAL_Driver\Src\stm32f4xx_hal_sd.o
 .debug_info    0x0000b3e5     0x1ee5 Drivers\STM32F4xx_HAL_Driver\Src\stm32f4xx_ll_sdmmc.o
 .debug_info    0x0000d2ca      0xcb9 Middlewares\Third_Party\FatFs\src\diskio.o
 .debug_info    0x0000df83      0xd97 Middlewares\Third_Party\FatFs\src\drivers\sd_diskio.o
 .debug_info    0x0000ed1a     0x42b1 Middlewares\Third_Party\FatFs\src\ff.o
 .debug_info    0x00012fcb      0xcef Middlewares\Third_Party\FatFs\src\ff_gen_drv.o
 .debug_info    0x00013cba     0x144e Src\bsp_driver_sd.o
 .debug_info    0x00015108      0xb02 Src\fatfs.o
 .debug_info    0x00015c0a     0x22e1 Src\main.o
 .debug_info    0x00017eeb     0x19c6 Src\stm32f4xx_hal_msp.o
 .debug_info    0x000198b1     0x1252 Src\stm32f4xx_it.o
 .debug_info    0x0001ab03      0xd1c Src\system_stm32f4xx.o
 .debug_info    0x0001b81f       0x84 startup\startup_stm32f407xx.o

.debug_abbrev   0x00000000     0x37bc
 .debug_abbrev  0x00000000      0x324 Drivers\STM32F4xx_HAL_Driver\Src\stm32f4xx_hal.o
 .debug_abbrev  0x00000324      0x353 Drivers\STM32F4xx_HAL_Driver\Src\stm32f4xx_hal_adc.o
 .debug_abbrev  0x00000677      0x2e6 Drivers\STM32F4xx_HAL_Driver\Src\stm32f4xx_hal_adc_ex.o
 .debug_abbrev  0x0000095d      0x399 Drivers\STM32F4xx_HAL_Driver\Src\stm32f4xx_hal_cortex.o
 .debug_abbrev  0x00000cf6      0x34a Drivers\STM32F4xx_HAL_Driver\Src\stm32f4xx_hal_dma.o
 .debug_abbrev  0x00001040      0x268 Drivers\STM32F4xx_HAL_Driver\Src\stm32f4xx_hal_gpio.o
 .debug_abbrev  0x000012a8      0x3a4 Drivers\STM32F4xx_HAL_Driver\Src\stm32f4xx_hal_rcc.o
 .debug_abbrev  0x0000164c      0x3bc Drivers\STM32F4xx_HAL_Driver\Src\stm32f4xx_hal_sd.o
 .debug_abbrev  0x00001a08      0x345 Drivers\STM32F4xx_HAL_Driver\Src\stm32f4xx_ll_sdmmc.o
 .debug_abbrev  0x00001d4d      0x23d Middlewares\Third_Party\FatFs\src\diskio.o
 .debug_abbrev  0x00001f8a      0x2a3 Middlewares\Third_Party\FatFs\src\drivers\sd_diskio.o
 .debug_abbrev  0x0000222d      0x410 Middlewares\Third_Party\FatFs\src\ff.o
 .debug_abbrev  0x0000263d      0x2a5 Middlewares\Third_Party\FatFs\src\ff_gen_drv.o
 .debug_abbrev  0x000028e2      0x309 Src\bsp_driver_sd.o
 .debug_abbrev  0x00002beb      0x1e1 Src\fatfs.o
 .debug_abbrev  0x00002dcc      0x3a4 Src\main.o
 .debug_abbrev  0x00003170      0x23d Src\stm32f4xx_hal_msp.o
 .debug_abbrev  0x000033ad      0x233 Src\stm32f4xx_it.o
 .debug_abbrev  0x000035e0      0x1ca Src\system_stm32f4xx.o
 .debug_abbrev  0x000037aa       0x12 startup\startup_stm32f407xx.o

.debug_loc      0x00000000     0xa153
 .debug_loc     0x00000000       0x91 Drivers\STM32F4xx_HAL_Driver\Src\stm32f4xx_hal.o
 .debug_loc     0x00000091      0x7b2 Drivers\STM32F4xx_HAL_Driver\Src\stm32f4xx_hal_adc.o
 .debug_loc     0x00000843      0x7a8 Drivers\STM32F4xx_HAL_Driver\Src\stm32f4xx_hal_adc_ex.o
 .debug_loc     0x00000feb      0x4fb Drivers\STM32F4xx_HAL_Driver\Src\stm32f4xx_hal_cortex.o
 .debug_loc     0x000014e6      0x727 Drivers\STM32F4xx_HAL_Driver\Src\stm32f4xx_hal_dma.o
 .debug_loc     0x00001c0d      0x3cd Drivers\STM32F4xx_HAL_Driver\Src\stm32f4xx_hal_gpio.o
 .debug_loc     0x00001fda      0x48f Drivers\STM32F4xx_HAL_Driver\Src\stm32f4xx_hal_rcc.o
 .debug_loc     0x00002469     0x1b5c Drivers\STM32F4xx_HAL_Driver\Src\stm32f4xx_hal_sd.o
 .debug_loc     0x00003fc5      0xedf Drivers\STM32F4xx_HAL_Driver\Src\stm32f4xx_ll_sdmmc.o
 .debug_loc     0x00004ea4      0x1c6 Middlewares\Third_Party\FatFs\src\diskio.o
 .debug_loc     0x0000506a      0x369 Middlewares\Third_Party\FatFs\src\drivers\sd_diskio.o
 .debug_loc     0x000053d3     0x4484 Middlewares\Third_Party\FatFs\src\ff.o
 .debug_loc     0x00009857      0x216 Middlewares\Third_Party\FatFs\src\ff_gen_drv.o
 .debug_loc     0x00009a6d      0x4c1 Src\bsp_driver_sd.o
 .debug_loc     0x00009f2e       0x59 Src\main.o
 .debug_loc     0x00009f87       0xb0 Src\stm32f4xx_hal_msp.o
 .debug_loc     0x0000a037      0x11c Src\system_stm32f4xx.o

.debug_aranges  0x00000000      0xab0
 .debug_aranges
                0x00000000       0xc0 Drivers\STM32F4xx_HAL_Driver\Src\stm32f4xx_hal.o
 .debug_aranges
                0x000000c0       0xb8 Drivers\STM32F4xx_HAL_Driver\Src\stm32f4xx_hal_adc.o
 .debug_aranges
                0x00000178       0x90 Drivers\STM32F4xx_HAL_Driver\Src\stm32f4xx_hal_adc_ex.o
 .debug_aranges
                0x00000208       0xa8 Drivers\STM32F4xx_HAL_Driver\Src\stm32f4xx_hal_cortex.o
 .debug_aranges
                0x000002b0       0x80 Drivers\STM32F4xx_HAL_Driver\Src\stm32f4xx_hal_dma.o
 .debug_aranges
                0x00000330       0x58 Drivers\STM32F4xx_HAL_Driver\Src\stm32f4xx_hal_gpio.o
 .debug_aranges
                0x00000388       0x80 Drivers\STM32F4xx_HAL_Driver\Src\stm32f4xx_hal_rcc.o
 .debug_aranges
                0x00000408       0xf8 Drivers\STM32F4xx_HAL_Driver\Src\stm32f4xx_hal_sd.o
 .debug_aranges
                0x00000500      0x150 Drivers\STM32F4xx_HAL_Driver\Src\stm32f4xx_ll_sdmmc.o
 .debug_aranges
                0x00000650       0x48 Middlewares\Third_Party\FatFs\src\diskio.o
 .debug_aranges
                0x00000698       0x40 Middlewares\Third_Party\FatFs\src\drivers\sd_diskio.o
 .debug_aranges
                0x000006d8      0x1b0 Middlewares\Third_Party\FatFs\src\ff.o
 .debug_aranges
                0x00000888       0x40 Middlewares\Third_Party\FatFs\src\ff_gen_drv.o
 .debug_aranges
                0x000008c8       0x90 Src\bsp_driver_sd.o
 .debug_aranges
                0x00000958       0x28 Src\fatfs.o
 .debug_aranges
                0x00000980       0x38 Src\main.o
 .debug_aranges
                0x000009b8       0x40 Src\stm32f4xx_hal_msp.o
 .debug_aranges
                0x000009f8       0x68 Src\stm32f4xx_it.o
 .debug_aranges
                0x00000a60       0x28 Src\system_stm32f4xx.o
 .debug_aranges
                0x00000a88       0x28 startup\startup_stm32f407xx.o

.debug_ranges   0x00000000      0xf78
 .debug_ranges  0x00000000       0xb0 Drivers\STM32F4xx_HAL_Driver\Src\stm32f4xx_hal.o
 .debug_ranges  0x000000b0       0xc8 Drivers\STM32F4xx_HAL_Driver\Src\stm32f4xx_hal_adc.o
 .debug_ranges  0x00000178       0x80 Drivers\STM32F4xx_HAL_Driver\Src\stm32f4xx_hal_adc_ex.o
 .debug_ranges  0x000001f8      0x138 Drivers\STM32F4xx_HAL_Driver\Src\stm32f4xx_hal_cortex.o
 .debug_ranges  0x00000330       0xc8 Drivers\STM32F4xx_HAL_Driver\Src\stm32f4xx_hal_dma.o
 .debug_ranges  0x000003f8       0x68 Drivers\STM32F4xx_HAL_Driver\Src\stm32f4xx_hal_gpio.o
 .debug_ranges  0x00000460      0x168 Drivers\STM32F4xx_HAL_Driver\Src\stm32f4xx_hal_rcc.o
 .debug_ranges  0x000005c8      0x1f8 Drivers\STM32F4xx_HAL_Driver\Src\stm32f4xx_hal_sd.o
 .debug_ranges  0x000007c0      0x1b8 Drivers\STM32F4xx_HAL_Driver\Src\stm32f4xx_ll_sdmmc.o
 .debug_ranges  0x00000978       0x38 Middlewares\Third_Party\FatFs\src\diskio.o
 .debug_ranges  0x000009b0       0x30 Middlewares\Third_Party\FatFs\src\drivers\sd_diskio.o
 .debug_ranges  0x000009e0      0x2b8 Middlewares\Third_Party\FatFs\src\ff.o
 .debug_ranges  0x00000c98       0x30 Middlewares\Third_Party\FatFs\src\ff_gen_drv.o
 .debug_ranges  0x00000cc8       0x80 Src\bsp_driver_sd.o
 .debug_ranges  0x00000d48       0x18 Src\fatfs.o
 .debug_ranges  0x00000d60      0x110 Src\main.o
 .debug_ranges  0x00000e70       0x78 Src\stm32f4xx_hal_msp.o
 .debug_ranges  0x00000ee8       0x58 Src\stm32f4xx_it.o
 .debug_ranges  0x00000f40       0x18 Src\system_stm32f4xx.o
 .debug_ranges  0x00000f58       0x20 startup\startup_stm32f407xx.o

.debug_line     0x00000000     0x6b8f
 .debug_line    0x00000000      0x45c Drivers\STM32F4xx_HAL_Driver\Src\stm32f4xx_hal.o
 .debug_line    0x0000045c      0x770 Drivers\STM32F4xx_HAL_Driver\Src\stm32f4xx_hal_adc.o
 .debug_line    0x00000bcc      0x631 Drivers\STM32F4xx_HAL_Driver\Src\stm32f4xx_hal_adc_ex.o
 .debug_line    0x000011fd      0x4dc Drivers\STM32F4xx_HAL_Driver\Src\stm32f4xx_hal_cortex.o
 .debug_line    0x000016d9      0x5f9 Drivers\STM32F4xx_HAL_Driver\Src\stm32f4xx_hal_dma.o
 .debug_line    0x00001cd2      0x47a Drivers\STM32F4xx_HAL_Driver\Src\stm32f4xx_hal_gpio.o
 .debug_line    0x0000214c      0x669 Drivers\STM32F4xx_HAL_Driver\Src\stm32f4xx_hal_rcc.o
 .debug_line    0x000027b5      0xa9a Drivers\STM32F4xx_HAL_Driver\Src\stm32f4xx_hal_sd.o
 .debug_line    0x0000324f      0x791 Drivers\STM32F4xx_HAL_Driver\Src\stm32f4xx_ll_sdmmc.o
 .debug_line    0x000039e0      0x2ce Middlewares\Third_Party\FatFs\src\diskio.o
 .debug_line    0x00003cae      0x35f Middlewares\Third_Party\FatFs\src\drivers\sd_diskio.o
 .debug_line    0x0000400d     0x11d6 Middlewares\Third_Party\FatFs\src\ff.o
 .debug_line    0x000051e3      0x2d6 Middlewares\Third_Party\FatFs\src\ff_gen_drv.o
 .debug_line    0x000054b9      0x422 Src\bsp_driver_sd.o
 .debug_line    0x000058db      0x2d2 Src\fatfs.o
 .debug_line    0x00005bad      0x570 Src\main.o
 .debug_line    0x0000611d      0x3e5 Src\stm32f4xx_hal_msp.o
 .debug_line    0x00006502      0x399 Src\stm32f4xx_it.o
 .debug_line    0x0000689b      0x275 Src\system_stm32f4xx.o
 .debug_line    0x00006b10       0x7f startup\startup_stm32f407xx.o

.debug_str      0x00000000     0x3c82
 .debug_str     0x00000000      0xe5d Drivers\STM32F4xx_HAL_Driver\Src\stm32f4xx_hal.o
                                0xf29 (size before relaxing)
 .debug_str     0x00000e5d      0x68f Drivers\STM32F4xx_HAL_Driver\Src\stm32f4xx_hal_adc.o
                                0xdda (size before relaxing)
 .debug_str     0x000014ec      0x2df Drivers\STM32F4xx_HAL_Driver\Src\stm32f4xx_hal_adc_ex.o
                                0xe29 (size before relaxing)
 .debug_str     0x000017cb      0x3c3 Drivers\STM32F4xx_HAL_Driver\Src\stm32f4xx_hal_cortex.o
                               0x10a2 (size before relaxing)
 .debug_str     0x00001b8e      0x2ef Drivers\STM32F4xx_HAL_Driver\Src\stm32f4xx_hal_dma.o
                                0xbf9 (size before relaxing)
 .debug_str     0x00001e7d      0x1d3 Drivers\STM32F4xx_HAL_Driver\Src\stm32f4xx_hal_gpio.o
                                0x973 (size before relaxing)
 .debug_str     0x00002050      0x2c5 Drivers\STM32F4xx_HAL_Driver\Src\stm32f4xx_hal_rcc.o
                                0xb2d (size before relaxing)
 .debug_str     0x00002315      0xc45 Drivers\STM32F4xx_HAL_Driver\Src\stm32f4xx_hal_sd.o
                               0x15e8 (size before relaxing)
 .debug_str     0x00002f5a      0x1fc Drivers\STM32F4xx_HAL_Driver\Src\stm32f4xx_ll_sdmmc.o
                                0xc5a (size before relaxing)
 .debug_str     0x00003156      0x109 Middlewares\Third_Party\FatFs\src\diskio.o
                                0x74a (size before relaxing)
 .debug_str     0x0000325f       0xda Middlewares\Third_Party\FatFs\src\drivers\sd_diskio.o
                                0x833 (size before relaxing)
 .debug_str     0x00003339      0x55b Middlewares\Third_Party\FatFs\src\ff.o
                                0xc84 (size before relaxing)
 .debug_str     0x00003894       0xa2 Middlewares\Third_Party\FatFs\src\ff_gen_drv.o
                                0x79b (size before relaxing)
 .debug_str     0x00003936      0x124 Src\bsp_driver_sd.o
                                0xe4c (size before relaxing)
 .debug_str     0x00003a5a       0x2b Src\fatfs.o
                                0x722 (size before relaxing)
 .debug_str     0x00003a85       0xb7 Src\main.o
                               0x1912 (size before relaxing)
 .debug_str     0x00003b3c       0x1b Src\stm32f4xx_hal_msp.o
                               0x13e2 (size before relaxing)
 .debug_str     0x00003b57       0xe6 Src\stm32f4xx_it.o
                                0xda4 (size before relaxing)
 .debug_str     0x00003c3d       0x45 Src\system_stm32f4xx.o
                                0x7d7 (size before relaxing)

.comment        0x00000000       0x7c
 .comment       0x00000000       0x7c Drivers\STM32F4xx_HAL_Driver\Src\stm32f4xx_hal.o
                                 0x7d (size before relaxing)
 .comment       0x0000007c       0x7d Drivers\STM32F4xx_HAL_Driver\Src\stm32f4xx_hal_adc.o
 .comment       0x0000007c       0x7d Drivers\STM32F4xx_HAL_Driver\Src\stm32f4xx_hal_adc_ex.o
 .comment       0x0000007c       0x7d Drivers\STM32F4xx_HAL_Driver\Src\stm32f4xx_hal_cortex.o
 .comment       0x0000007c       0x7d Drivers\STM32F4xx_HAL_Driver\Src\stm32f4xx_hal_dma.o
 .comment       0x0000007c       0x7d Drivers\STM32F4xx_HAL_Driver\Src\stm32f4xx_hal_gpio.o
 .comment       0x0000007c       0x7d Drivers\STM32F4xx_HAL_Driver\Src\stm32f4xx_hal_rcc.o
 .comment       0x0000007c       0x7d Drivers\STM32F4xx_HAL_Driver\Src\stm32f4xx_hal_sd.o
 .comment       0x0000007c       0x7d Drivers\STM32F4xx_HAL_Driver\Src\stm32f4xx_ll_sdmmc.o
 .comment       0x0000007c       0x7d Middlewares\Third_Party\FatFs\src\diskio.o
 .comment       0x0000007c       0x7d Middlewares\Third_Party\FatFs\src\drivers\sd_diskio.o
 .comment       0x0000007c       0x7d Middlewares\Third_Party\FatFs\src\ff.o
 .comment       0x0000007c       0x7d Middlewares\Third_Party\FatFs\src\ff_gen_drv.o
 .comment       0x0000007c       0x7d Src\bsp_driver_sd.o
 .comment       0x0000007c       0x7d Src\fatfs.o
 .comment       0x0000007c       0x7d Src\main.o
 .comment       0x0000007c       0x7d Src\stm32f4xx_hal_msp.o
 .comment       0x0000007c       0x7d Src\stm32f4xx_it.o
 .comment       0x0000007c       0x7d Src\system_stm32f4xx.o

.debug_frame    0x00000000     0x1ea0
 .debug_frame   0x00000000      0x194 Drivers\STM32F4xx_HAL_Driver\Src\stm32f4xx_hal.o
 .debug_frame   0x00000194      0x244 Drivers\STM32F4xx_HAL_Driver\Src\stm32f4xx_hal_adc.o
 .debug_frame   0x000003d8      0x160 Drivers\STM32F4xx_HAL_Driver\Src\stm32f4xx_hal_adc_ex.o
 .debug_frame   0x00000538      0x158 Drivers\STM32F4xx_HAL_Driver\Src\stm32f4xx_hal_cortex.o
 .debug_frame   0x00000690      0x150 Drivers\STM32F4xx_HAL_Driver\Src\stm32f4xx_hal_dma.o
 .debug_frame   0x000007e0       0xd8 Drivers\STM32F4xx_HAL_Driver\Src\stm32f4xx_hal_gpio.o
 .debug_frame   0x000008b8      0x140 Drivers\STM32F4xx_HAL_Driver\Src\stm32f4xx_hal_rcc.o
 .debug_frame   0x000009f8      0x3c0 Drivers\STM32F4xx_HAL_Driver\Src\stm32f4xx_hal_sd.o
 .debug_frame   0x00000db8      0x458 Drivers\STM32F4xx_HAL_Driver\Src\stm32f4xx_ll_sdmmc.o
 .debug_frame   0x00001210       0x94 Middlewares\Third_Party\FatFs\src\diskio.o
 .debug_frame   0x000012a4       0x90 Middlewares\Third_Party\FatFs\src\drivers\sd_diskio.o
 .debug_frame   0x00001334      0x6e8 Middlewares\Third_Party\FatFs\src\ff.o
 .debug_frame   0x00001a1c       0x6c Middlewares\Third_Party\FatFs\src\ff_gen_drv.o
 .debug_frame   0x00001a88      0x148 Src\bsp_driver_sd.o
 .debug_frame   0x00001bd0       0x38 Src\fatfs.o
 .debug_frame   0x00001c08       0x94 Src\main.o
 .debug_frame   0x00001c9c       0xb4 Src\stm32f4xx_hal_msp.o
 .debug_frame   0x00001d50       0xec Src\stm32f4xx_it.o
 .debug_frame   0x00001e3c       0x38 Src\system_stm32f4xx.o
 .debug_frame   0x00001e74       0x2c c:/program files (x86)/atollic/truestudio for stm32 9.3.0/armtools/bin/../lib/gcc/arm-atollic-eabi/6.3.1/../../../../arm-atollic-eabi/lib/armv7e-m/fpu\libc_nano.a(lib_a-init.o)
