stm32f4xx_hal_sd.c:2293:13:SD_DMATransmitCplt	0	static
stm32f4xx_hal_sd.c:2876:17:SD_FindSCR	64	static
stm32f4xx_hal_sd.c:444:13:HAL_SD_MspInit	0	static
stm32f4xx_hal_sd.c:459:13:HAL_SD_MspDeInit	0	static
stm32f4xx_hal_sd.c:413:19:HAL_SD_DeInit	8	static
stm32f4xx_hal_sd.c:500:19:HAL_SD_ReadBlocks	64	static
stm32f4xx_hal_sd.c:690:19:HAL_SD_WriteBlocks	56	static
stm32f4xx_hal_sd.c:866:19:HAL_SD_ReadBlocks_IT	48	static
stm32f4xx_hal_sd.c:971:19:HAL_SD_WriteBlocks_IT	48	static
stm32f4xx_hal_sd.c:1077:19:HAL_SD_ReadBlocks_DMA	56	static
stm32f4xx_hal_sd.c:1194:19:HAL_SD_WriteBlocks_DMA	48	static
stm32f4xx_hal_sd.c:1308:19:HAL_SD_Erase	24	static
stm32f4xx_hal_sd.c:1630:21:HAL_SD_GetState	0	static
stm32f4xx_hal_sd.c:1641:10:HAL_SD_GetError	0	static
stm32f4xx_hal_sd.c:1651:14:HAL_SD_TxCpltCallback	0	static
stm32f4xx_hal_sd.c:1666:13:HAL_SD_RxCpltCallback	0	static
stm32f4xx_hal_sd.c:1681:13:HAL_SD_ErrorCallback	0	static
stm32f4xx_hal_sd.c:2306:13:SD_DMAReceiveCplt	8	static
stm32f4xx_hal_sd.c:1696:13:HAL_SD_AbortCallback	0	static
stm32f4xx_hal_sd.c:1734:19:HAL_SD_GetCardCID	8	static
stm32f4xx_hal_sd.c:1815:19:HAL_SD_GetCardCSD	12	static
stm32f4xx_hal_sd.c:358:19:HAL_SD_InitCard	120	static
stm32f4xx_hal_sd.c:309:19:HAL_SD_Init	8	static
stm32f4xx_hal_sd.c:1962:19:HAL_SD_GetCardStatus	120	static
stm32f4xx_hal_sd.c:2050:19:HAL_SD_GetCardInfo	0	static
stm32f4xx_hal_sd.c:2075:19:HAL_SD_ConfigWideBusOperation	56	static
stm32f4xx_hal_sd.c:2147:25:HAL_SD_GetCardState	8	static
stm32f4xx_hal_sd.c:2339:13:SD_DMAError	8	static
stm32f4xx_hal_sd.c:2371:13:SD_DMATxAbort	16	static
stm32f4xx_hal_sd.c:2408:13:SD_DMARxAbort	16	static
stm32f4xx_hal_sd.c:1408:6:HAL_SD_IRQHandler	16	static
stm32f4xx_hal_sd.c:2170:19:HAL_SD_Abort	8	static
stm32f4xx_hal_sd.c:2217:19:HAL_SD_Abort_IT	16	static
