stm32f4xx_hal_adc.c:383:13:HAL_ADC_MspInit	0	static
stm32f4xx_hal_adc.c:258:19:HAL_ADC_Init	8	static
stm32f4xx_hal_adc.c:398:13:HAL_ADC_MspDeInit	0	static
stm32f4xx_hal_adc.c:336:19:HAL_ADC_DeInit	16	static
stm32f4xx_hal_adc.c:437:19:HAL_ADC_Start	8	static
stm32f4xx_hal_adc.c:544:19:HAL_ADC_Stop	0	static
stm32f4xx_hal_adc.c:587:19:HAL_ADC_PollForConversion	16	static
stm32f4xx_hal_adc.c:672:19:HAL_ADC_PollForEvent	24	static
stm32f4xx_hal_adc.c:734:19:HAL_ADC_Start_IT	8	static
stm32f4xx_hal_adc.c:843:19:HAL_ADC_Stop_IT	0	static
stm32f4xx_hal_adc.c:1025:19:HAL_ADC_Start_DMA	24	static
stm32f4xx_hal_adc.c:1150:19:HAL_ADC_Stop_DMA	8	static
stm32f4xx_hal_adc.c:1196:10:HAL_ADC_GetValue	0	static
stm32f4xx_hal_adc.c:1208:13:HAL_ADC_ConvCpltCallback	0	static
stm32f4xx_hal_adc.c:1611:13:ADC_DMAConvCplt	8	static
stm32f4xx_hal_adc.c:1223:13:HAL_ADC_ConvHalfCpltCallback	0	static
stm32f4xx_hal_adc.c:1664:13:ADC_DMAHalfConvCplt	8	static
stm32f4xx_hal_adc.c:1238:13:HAL_ADC_LevelOutOfWindowCallback	0	static
stm32f4xx_hal_adc.c:1259:13:HAL_ADC_ErrorCallback	0	static
stm32f4xx_hal_adc.c:880:6:HAL_ADC_IRQHandler	16	static
stm32f4xx_hal_adc.c:1677:13:ADC_DMAError	8	static
stm32f4xx_hal_adc.c:1297:19:HAL_ADC_ConfigChannel	32	static
stm32f4xx_hal_adc.c:1409:19:HAL_ADC_AnalogWDGConfig	8	static
stm32f4xx_hal_adc.c:1491:10:HAL_ADC_GetState	0	static
stm32f4xx_hal_adc.c:1503:10:HAL_ADC_GetError	0	static
