bsp_driver_sd.c:72:9:BSP_SD_Init	16	static
bsp_driver_sd.c:103:9:BSP_SD_ITConfig	0	static
bsp_driver_sd.c:112:6:BSP_SD_DetectIT	0	static
bsp_driver_sd.c:119:13:BSP_SD_DetectCallback	0	static
bsp_driver_sd.c:137:9:BSP_SD_ReadBlocks	16	static
bsp_driver_sd.c:160:9:BSP_SD_WriteBlocks	16	static
bsp_driver_sd.c:182:9:BSP_SD_ReadBlocks_DMA	16	static
bsp_driver_sd.c:217:9:BSP_SD_WriteBlocks_DMA	16	static
bsp_driver_sd.c:251:9:BSP_SD_Erase	8	static
bsp_driver_sd.c:269:6:BSP_SD_IRQHandler	0	static
bsp_driver_sd.c:277:6:BSP_SD_DMA_Tx_IRQHandler	0	static
bsp_driver_sd.c:285:6:BSP_SD_DMA_Rx_IRQHandler	0	static
bsp_driver_sd.c:298:9:BSP_SD_GetCardState	8	static
bsp_driver_sd.c:308:6:BSP_SD_GetCardInfo	0	static
bsp_driver_sd.c:320:9:BSP_SD_IsDetected	8	static
