stm32f4xx_it.c:55:6:NMI_Handler	0	static
stm32f4xx_it.c:68:6:HardFault_Handler	0	static
stm32f4xx_it.c:84:6:MemManage_Handler	0	static
stm32f4xx_it.c:100:6:BusFault_Handler	0	static
stm32f4xx_it.c:116:6:UsageFault_Handler	0	static
stm32f4xx_it.c:132:6:SVC_Handler	0	static
stm32f4xx_it.c:145:6:DebugMon_Handler	0	static
stm32f4xx_it.c:158:6:PendSV_Handler	0	static
stm32f4xx_it.c:171:6:SysTick_Handler	8	static
stm32f4xx_it.c:193:6:ADC_IRQHandler	0	static
stm32f4xx_it.c:207:6:SDIO_IRQHandler	0	static
stm32f4xx_it.c:221:6:DMA2_Stream3_IRQHandler	0	static
stm32f4xx_it.c:235:6:DMA2_Stream6_IRQHandler	0	static
